[interactivity.tothong.com/index.html]
[backblue.gif]
[fade.gif]
[index.html]
[interactivity.tothong.com/wp-content/themes/architekttheme/style.css]
[interactivity.tothong.com/wp-content/plugins/jetpack/css/jetpackf3c8.css]
[interactivity.tothong.com/wp-content/plugins/media-element-html5-video-and-audio-player/mediaelement/mediaelementplayerc1f9.css]
[interactivity.tothong.com/wp-includes/js/jquery/jquery-migrate.min1576.js]
[interactivity.tothong.com/wp-content/plugins/media-element-html5-video-and-audio-player/mediaelement/mediaelement-and-player.min4c71.js]
[interactivity.tothong.com/wp-json/index.html]
[interactivity.tothong.com/wp-includes/js/jquery/jqueryc1d8.js]
[interactivity.tothong.com/xmlrpc0db0.php]
[interactivity.tothong.com/wp-includes/wlwmanifest.xml]
[interactivity.tothong.com/wp-content/plugins/vipers-video-quicktags/resources/expressinstall.swf]
[interactivity.tothong.com/wp-content/themes/architekttheme/themes/default/default.css]
[interactivity.tothong.com/wp-content/themes/architekttheme/css/nivo-slider.css]
[interactivity.tothong.com/wp-content/uploads/2012/02/logo2.jpg]
[interactivity.tothong.com/wp-content/themes/architekttheme/js/jquery.nivo.slider.js]
[interactivity.tothong.com/wp-content/themes/architekttheme/images/search-icon.png]
[interactivity.tothong.com/wp-content/uploads/2012/05/sdubhead-959x349.jpg]
[interactivity.tothong.com/wp-content/uploads/2012/04/20120412-_DSC0071-959x349.jpg]
[interactivity.tothong.com/wp-content/themes/architekttheme/js/jquery-1.6.1.min.js]
[interactivity.tothong.com/readresponse/index.html]
[interactivity.tothong.com/wp-content/uploads/2012/03/2cage2-959x349.jpg]
[interactivity.tothong.com/wp-content/uploads/2012/03/head1-959x349.jpg]
[interactivity.tothong.com/mini-projects/index.html]
[interactivity.tothong.com/of-running-on-ipad/index.html]
[interactivity.tothong.com/paper-final-draft/index.html]
[interactivity.tothong.com/wp-content/uploads/2012/03/head-959x349.jpg]
[interactivity.tothong.com/conceptualizing-sdub/index.html]
[interactivity.tothong.com/wp-content/uploads/2012/02/head-959x349.jpg]
[interactivity.tothong.com/playing/index.html]
[interactivity.tothong.com/wp-content/uploads/2012/05/sdubhead-306x215.jpg]
[interactivity.tothong.com/object/index.html]
[interactivity.tothong.com/wp-content/uploads/2012/04/image-306x215.jpg]
[interactivity.tothong.com/space/index.html]
[interactivity.tothong.com/wp-content/uploads/2012/03/head1-306x387.jpg]
[interactivity.tothong.com/interesting-references/index.html]
[interactivity.tothong.com/interaction-prototype/index.html]
[interactivity.tothong.com/wp-content/uploads/2012/03/head-306x387.jpg]
[interactivity.tothong.com/wp-content/uploads/2012/02/head-306x387.jpg]
[interactivity.tothong.com/www.facebook.com/tharit.1b.delayed]
[interactivity.tothong.com/www.twitter.com/litchirhythm]
[s0.wp.com/wp-content/js/devicepx-jetpack3467.js]
[s.gravatar.com/js/gprofiles1554.js]
[interactivity.tothong.com/wp-content/plugins/jetpack/modules/wpgrohoc1f9.js]
[interactivity.tothong.com/wp-includes/js/wp-embed.minc1f9.js]
[interactivity.tothong.com/2nddraft/index.html]
[interactivity.tothong.com/index.html]
[interactivity.tothong.com/wp-content/themes/architekttheme/style.css]
[stats.wp.com/e-201627.js]
[interactivity.tothong.com/wp-content/plugins/jetpack/modules/carousel/images/arrows.png]
[interactivity.tothong.com/wp-content/plugins/jetpack/modules/carousel/images/arrows-2x.png]
[interactivity.tothong.com/wp-content/plugins/jetpack/modules/carousel/images/carousel-spritee4da.png]
[interactivity.tothong.com/wp-content/plugins/jetpack/modules/carousel/images/carousel-sprite-2xe4da.png]
[interactivity.tothong.com/wp-content/plugins/jetpack/modules/shortcodes/img/slideshow-controls.png]
[interactivity.tothong.com/wp-content/plugins/jetpack/modules/shortcodes/img/slideshow-controls-2x.png]
[interactivity.tothong.com/wp-content/plugins/jetpack/modules/shortcodes/images/slide-nav.png]
[interactivity.tothong.com/wp-content/plugins/jetpack/modules/shortcodes/images/expand.png]
[interactivity.tothong.com/wp-content/plugins/jetpack/modules/shortcodes/images/collapse.png]
[0.gravatar.com/images/grav-share-sprite.png]
[interactivity.tothong.com/wp-content/plugins/jetpack/css/jetpackf3c8.css]
[interactivity.tothong.com/wp-content/plugins/media-element-html5-video-and-audio-player/mediaelement/bigplay.svg]
[interactivity.tothong.com/wp-content/plugins/media-element-html5-video-and-audio-player/mediaelement/bigplay.png]
[interactivity.tothong.com/wp-content/plugins/media-element-html5-video-and-audio-player/mediaelement/background.png]
[interactivity.tothong.com/wp-content/plugins/media-element-html5-video-and-audio-player/mediaelement/loading.gif]
[interactivity.tothong.com/wp-content/plugins/media-element-html5-video-and-audio-player/mediaelement/controls.png]
[interactivity.tothong.com/wp-content/plugins/media-element-html5-video-and-audio-player/mediaelement/mediaelementplayerc1f9.css]
[interactivity.tothong.com/wp-json/index.html]
[interactivity.tothong.com/wp-content/themes/architekttheme/themes/default/loading.gif]
[interactivity.tothong.com/wp-content/themes/architekttheme/themes/default/bullets.png]
[interactivity.tothong.com/wp-content/themes/architekttheme/themes/default/arrows.png]
[interactivity.tothong.com/wp-content/themes/architekttheme/themes/default/default.css]
[interactivity.tothong.com/wp-content/themes/architekttheme/css/nivo-slider.css]
[interactivity.tothong.com/wp-json/oembed/1.0/embed8468]
[interactivity.tothong.com/wp-json/oembed/1.0/embed0db8]
[interactivity.tothong.com/wp-content/uploads/2012/05/sdubhead-625x152.jpg]
[interactivity.tothong.com/wp-content/uploads/2012/04/notations21-wire-review2-625x152.jpg]
[interactivity.tothong.com/wp-content/uploads/2012/04/image-625x152.jpg]
[interactivity.tothong.com/wp-content/uploads/2012/03/head-306x215.jpg]
[interactivity.tothong.com/wp-content/uploads/2012/02/head-306x215.jpg]
[interactivity.tothong.com/readresponse/page/2/index.html]
[interactivity.tothong.com/readresponse/www.facebook.com/tharit.3d.delayed]
[interactivity.tothong.com/readresponse/www.twitter.com/litchirhythm]
[interactivity.tothong.com/readresponse/index.html]
[interactivity.tothong.com/wp-json/oembed/1.0/embed5164]
[interactivity.tothong.com/wp-json/oembed/1.0/embed60f9]
[interactivity.tothong.com/mini-projects/www.facebook.com/tharit]
[interactivity.tothong.com/mini-projects/www.twitter.com/litchirhythm]
[interactivity.tothong.com/mini-projects/index.html]
[interactivity.tothong.com/wp-json/oembed/1.0/embed61d2]
[interactivity.tothong.com/wp-json/oembed/1.0/embedd325]
[interactivity.tothong.com/paper-final-draft/www.facebook.com/tharit]
[interactivity.tothong.com/paper-final-draft/www.twitter.com/litchirhythm]
[interactivity.tothong.com/paper-final-draft/index.html]
[interactivity.tothong.com/wp-json/oembed/1.0/embed1b4c]
[interactivity.tothong.com/wp-json/oembed/1.0/embede454]
[interactivity.tothong.com/wp-content/uploads/2012/04/20120412-_DSC0071.jpg]
[interactivity.tothong.com/wp-content/uploads/2012/04/20120412-_DSC0071-1024x680.jpg]
[interactivity.tothong.com/of-running-on-ipad/www.facebook.com/tharit.4b.delayed]
[interactivity.tothong.com/of-running-on-ipad/www.twitter.com/litchirhythm]
[interactivity.tothong.com/of-running-on-ipad/index.html]
[interactivity.tothong.com/wp-json/oembed/1.0/embedd926]
[interactivity.tothong.com/further-technical-exploration-notes/index.html]
[interactivity.tothong.com/wp-json/oembed/1.0/embedeefb]
[interactivity.tothong.com/conceptualizing-sdub/www.facebook.com/tharit]
[interactivity.tothong.com/conceptualizing-sdub/www.twitter.com/litchirhythm]
[interactivity.tothong.com/conceptualizing-sdub/index.html]
[interactivity.tothong.com/wp-json/oembed/1.0/embed05cb]
[interactivity.tothong.com/readresponse-01/index.html]
[interactivity.tothong.com/wp-json/oembed/1.0/embedfbb4]
[interactivity.tothong.com/wp-content/uploads/2012/03/IMG_6349-copy.jpg]
[interactivity.tothong.com/wp-content/uploads/2012/03/IMG_6349-copy-300x225.jpg]
[interactivity.tothong.com/wp-content/uploads/2012/03/2012-03-09-14.21.36.jpg]
[interactivity.tothong.com/wp-content/uploads/2012/03/2012-03-09-14.21.36-e1331807937662-768x1024.jpg]
[interactivity.tothong.com/wp-content/uploads/2012/03/2012-03-09-14.14.08.jpg]
[interactivity.tothong.com/wp-content/uploads/2012/03/2012-03-09-14.14.08-150x150.jpg]
[interactivity.tothong.com/wp-content/uploads/2012/03/2012-03-09-14.21.45.jpg]
[interactivity.tothong.com/wp-content/uploads/2012/03/2012-03-09-14.21.45-150x150.jpg]
[interactivity.tothong.com/wp-content/uploads/2012/03/2012-03-09-14.14.22.jpg]
[interactivity.tothong.com/wp-content/uploads/2012/03/2012-03-09-14.14.22-150x150.jpg]
[interactivity.tothong.com/wp-content/uploads/2012/03/quote.pdf]
[interactivity.tothong.com/wp-content/uploads/2012/03/20120427-_DSC0140.jpg]
[interactivity.tothong.com/wp-content/uploads/2012/03/20120427-_DSC0140-680x1024.jpg]
[interactivity.tothong.com/playing/www.facebook.com/tharit]
[interactivity.tothong.com/playing/www.twitter.com/litchirhythm]
[interactivity.tothong.com/playing/index.html]
[interactivity.tothong.com/wp-json/oembed/1.0/embed84cf]
[interactivity.tothong.com/wp-json/oembed/1.0/embedf7ae]
[interactivity.tothong.com/wp-content/uploads/2012/03/001.jpg]
[interactivity.tothong.com/wp-content/uploads/2012/03/001-300x225.jpg]
[interactivity.tothong.com/wp-content/uploads/2012/03/002.jpg]
[interactivity.tothong.com/wp-content/uploads/2012/03/002-300x225.jpg]
[interactivity.tothong.com/wp-content/uploads/2012/03/003.jpg]
[interactivity.tothong.com/wp-content/uploads/2012/03/003-300x225.jpg]
[interactivity.tothong.com/wp-content/uploads/2012/03/004.jpg]
[interactivity.tothong.com/wp-content/uploads/2012/03/004-300x225.jpg]
[interactivity.tothong.com/wp-content/uploads/2012/03/005.jpg]
[interactivity.tothong.com/wp-content/uploads/2012/03/005-300x225.jpg]
[interactivity.tothong.com/wp-content/uploads/2012/03/006.jpg]
[interactivity.tothong.com/wp-content/uploads/2012/03/006-300x225.jpg]
[interactivity.tothong.com/wp-content/uploads/2012/03/007.jpg]
[interactivity.tothong.com/wp-content/uploads/2012/03/007-300x225.jpg]
[interactivity.tothong.com/wp-content/uploads/2012/03/008.jpg]
[interactivity.tothong.com/wp-content/uploads/2012/03/008-300x225.jpg]
[interactivity.tothong.com/wp-content/uploads/2012/03/20120217-_DSC0154.jpg]
[interactivity.tothong.com/wp-content/uploads/2012/03/20120217-_DSC0154-1024x680.jpg]
[interactivity.tothong.com/wp-content/uploads/2012/03/20120224-_DSC0215-150x150.jpg]
[interactivity.tothong.com/wp-content/uploads/2012/03/20120217-_DSC0157.jpg]
[interactivity.tothong.com/wp-content/uploads/2012/03/20120217-_DSC0157-150x150.jpg]
[interactivity.tothong.com/wp-content/uploads/2012/03/20120217-_DSC0160.jpg]
[interactivity.tothong.com/wp-content/uploads/2012/03/20120217-_DSC0160-150x150.jpg]
[interactivity.tothong.com/wp-content/uploads/2012/03/20120224-_DSC0213.jpg]
[interactivity.tothong.com/wp-content/uploads/2012/03/20120224-_DSC0213-1024x680.jpg]
[interactivity.tothong.com/wp-content/uploads/2012/03/20120224-_DSC0214.jpg]
[interactivity.tothong.com/wp-content/uploads/2012/03/20120224-_DSC0214-150x150.jpg]
[interactivity.tothong.com/wp-content/uploads/2012/03/20120224-_DSC0210.jpg]
[interactivity.tothong.com/wp-content/uploads/2012/03/20120224-_DSC0210-150x150.jpg]
[interactivity.tothong.com/wp-content/uploads/2012/03/20120224-_DSC0209.jpg]
[interactivity.tothong.com/wp-content/uploads/2012/03/20120224-_DSC0209-150x150.jpg]
[interactivity.tothong.com/wp-content/uploads/2012/03/20120223-2012-02-23-20.21.57.jpg]
[interactivity.tothong.com/wp-content/uploads/2012/03/20120223-2012-02-23-20.21.57-1024x341.jpg]
[interactivity.tothong.com/object/www.facebook.com/tharit]
[interactivity.tothong.com/object/www.twitter.com/litchirhythm]
[interactivity.tothong.com/object/index.html]
[interactivity.tothong.com/wp-json/oembed/1.0/embed75e1]
[interactivity.tothong.com/wp-json/oembed/1.0/embedffa8]
[interactivity.tothong.com/wp-content/uploads/2012/01/004.jpg]
[interactivity.tothong.com/wp-content/uploads/2012/01/004-1024x768.jpg]
[interactivity.tothong.com/wp-content/uploads/2012/01/chinatown1.jpg]
[interactivity.tothong.com/wp-content/uploads/2012/01/chinatown1-150x150.jpg]
[interactivity.tothong.com/wp-content/uploads/2012/01/002.jpg]
[interactivity.tothong.com/wp-content/uploads/2012/01/002-150x150.jpg]
[interactivity.tothong.com/wp-content/uploads/2012/01/003.jpg]
[interactivity.tothong.com/wp-content/uploads/2012/01/003-150x150.jpg]
[interactivity.tothong.com/wp-content/uploads/2012/02/20120202-_DSC0062.jpg]
[interactivity.tothong.com/wp-content/uploads/2012/02/20120202-_DSC0062-300x199.jpg]
[interactivity.tothong.com/wp-content/uploads/2012/02/421524_10150758451843868_1729364425_n1.jpg]
[interactivity.tothong.com/wp-content/uploads/2012/02/421524_10150758451843868_1729364425_n1-300x199.jpg]
[interactivity.tothong.com/wp-content/uploads/2012/02/exercisediagram.jpg]
[interactivity.tothong.com/wp-content/uploads/2012/02/exercisediagram-300x179.jpg]
[interactivity.tothong.com/wp-content/uploads/2012/02/exercise1.jpg]
[interactivity.tothong.com/wp-content/uploads/2012/02/exercise1-150x150.jpg]
[interactivity.tothong.com/wp-content/uploads/2012/02/exercise2.jpg]
[interactivity.tothong.com/wp-content/uploads/2012/02/exercise2-150x150.jpg]
[interactivity.tothong.com/wp-content/uploads/2012/02/exercise3.jpg]
[interactivity.tothong.com/wp-content/uploads/2012/02/exercise3-150x150.jpg]
[interactivity.tothong.com/wp-content/uploads/2012/01/20120202-_DSC0112.jpg]
[interactivity.tothong.com/wp-content/uploads/2012/01/20120202-_DSC0112-300x199.jpg]
[interactivity.tothong.com/wp-content/uploads/2012/02/20120202-_DSC0118.jpg]
[interactivity.tothong.com/wp-content/uploads/2012/02/20120202-_DSC0118-300x199.jpg]
[interactivity.tothong.com/wp-content/uploads/2012/02/20120202-_DSC0117.jpg]
[interactivity.tothong.com/wp-content/uploads/2012/02/20120202-_DSC0117-300x199.jpg]
[interactivity.tothong.com/wp-content/uploads/2012/02/20120202-_DSC0116.jpg]
[interactivity.tothong.com/wp-content/uploads/2012/02/20120202-_DSC0116-300x99.jpg]
[interactivity.tothong.com/wp-content/uploads/2012/02/20120202-_DSC0115.jpg]
[interactivity.tothong.com/wp-content/uploads/2012/02/20120202-_DSC0115-300x199.jpg]
[interactivity.tothong.com/wp-content/uploads/2012/02/20120202-_DSC0109.jpg]
[interactivity.tothong.com/wp-content/uploads/2012/02/20120202-_DSC0109-300x199.jpg]
[interactivity.tothong.com/wp-content/uploads/2012/02/20120202-_DSC0096.jpg]
[interactivity.tothong.com/wp-content/uploads/2012/02/20120202-_DSC0096-300x150.jpg]
[interactivity.tothong.com/wp-content/uploads/2012/02/013.jpg]
[interactivity.tothong.com/wp-content/uploads/2012/02/013-1024x768.jpg]
[interactivity.tothong.com/space/www.facebook.com/tharit.ae.delayed]
[interactivity.tothong.com/space/www.twitter.com/litchirhythm]
[interactivity.tothong.com/space/index.html]
[interactivity.tothong.com/wp-json/oembed/1.0/embed0abc]
[interactivity.tothong.com/wp-json/oembed/1.0/embedea29]
[notations21.files.wordpress.com/2009/12/notations21-wire-review2.jpg]
[interactivity.tothong.com/interesting-references/www.facebook.com/tharit.b4.delayed]
[interactivity.tothong.com/interesting-references/www.twitter.com/litchirhythm]
[interactivity.tothong.com/interesting-references/index.html]
[interactivity.tothong.com/wp-content/uploads/2012/04/notations21-wire-review2-306x215.jpg]
[interactivity.tothong.com/wp-json/oembed/1.0/embedb9b4]
[interactivity.tothong.com/wp-json/oembed/1.0/embedc2ec]
[interactivity.tothong.com/wp-content/uploads/2012/04/image.jpg]
[interactivity.tothong.com/wp-content/uploads/2012/04/20120413-_DSC0076.jpg]
[interactivity.tothong.com/wp-content/uploads/2012/04/20120413-_DSC0076-1024x341.jpg]
[interactivity.tothong.com/wp-content/uploads/2012/04/20120413-_DSC0077.jpg]
[interactivity.tothong.com/wp-content/uploads/2012/04/20120413-_DSC0077-1024x680.jpg]
[interactivity.tothong.com/wp-content/uploads/2012/04/20120413-_DSC0078.jpg]
[interactivity.tothong.com/wp-content/uploads/2012/04/20120413-_DSC0079.jpg]
[interactivity.tothong.com/wp-content/uploads/2012/04/20120413-_DSC0079-680x1024.jpg]
[interactivity.tothong.com/wp-content/uploads/2012/04/20120413-_DSC0081.jpg]
[interactivity.tothong.com/wp-content/uploads/2012/04/20120413-_DSC0081-1024x680.jpg]
[interactivity.tothong.com/wp-content/uploads/2012/04/20120413-_DSC0082-1024x341.jpg]
[interactivity.tothong.com/files/prototype1.mp3]
[interactivity.tothong.com/wp-content/plugins/media-element-html5-video-and-audio-player/mediaelement/flashmediaelement.swf]
[interactivity.tothong.com/interaction-prototype/controls=true&file=http_/interactivity.tothong.com/files/prototype1.mp3]
[interactivity.tothong.com/interaction-prototype/controls=true&file=http_/interactivity.tothong.com/files/prototype1.mp3]
[interactivity.tothong.com/files/prototype2.mp3]
[interactivity.tothong.com/interaction-prototype/www.facebook.com/tharit.ca.delayed]
[interactivity.tothong.com/interaction-prototype/www.twitter.com/litchirhythm]
[interactivity.tothong.com/interaction-prototype/index.html]
[interactivity.tothong.com/www.facebook.com/tharit.html]
[interactivity.tothong.com/www.twitter.com/litchirhythm.html]
[interactivity.tothong.com/wp-json/oembed/1.0/embed58e4]
[interactivity.tothong.com/wp-json/oembed/1.0/embed01a3]
[interactivity.tothong.com/wp-content/uploads/2012/04/John_Cage_Laugh.png]
[interactivity.tothong.com/2nddraft/webkit-fake-url_/79109B16-6D2B-4754-AE6C-5DDFB3BF06B2/image.cf.delayed]
[interactivity.tothong.com/2nddraft/webkit-fake-url_/79109B16-6D2B-4754-AE6C-5DDFB3BF06B2/image.tiff]
[interactivity.tothong.com/2nddraft/www.facebook.com/tharit]
[interactivity.tothong.com/2nddraft/www.twitter.com/litchirhythm]
[interactivity.tothong.com/2nddraft/index.html]
[s0.wp.com/wp-content/js/devicepx-jetpack3467.js]
[pixel.wp.com/g9818.gif]
[s.gravatar.com/js/gprofiles1554.js]
[interactivity.tothong.com/ABCDEFGHIJKLMNOPQRSTUVWXYZabcdefghijklmnopqrstuvwxyz0123456789+/index.html]
[interactivity.tothong.com/g.d4.delayed]
[interactivity.tothong.com/c.gif]
[stats.wp.com/e-201627.js]
[interactivity.tothong.com/wp-content/plugins/media-element-html5-video-and-audio-player/mediaelement/bigplay.html]
[interactivity.tothong.com/wp-content/plugins/media-element-html5-video-and-audio-player/mediaelement/controls.svg]
[interactivity.tothong.com/wp-json/oembed/1.0/embed8468.html]
[interactivity.tothong.com/wp-json/oembed/1.0/embed0db8.html]
[interactivity.tothong.com/wp-content/uploads/2012/04/20120412-_DSC0071-625x152.jpg]
[interactivity.tothong.com/wp-content/uploads/2012/04/John_Cage_Laugh-400x152.png]
[interactivity.tothong.com/wp-content/uploads/2012/03/2cage2-625x152.jpg]
[interactivity.tothong.com/readresponse/page/2/www.facebook.com/tharit]
[interactivity.tothong.com/readresponse/page/3/index.html]
[interactivity.tothong.com/readresponse/page/2/www.twitter.com/litchirhythm]
[interactivity.tothong.com/readresponse/page/2/index.html]
[interactivity.tothong.com/readresponse/www.facebook.com/tharit.html]
[interactivity.tothong.com/readresponse/www.twitter.com/litchirhythm.html]
[interactivity.tothong.com/wp-json/oembed/1.0/embed5164.html]
[interactivity.tothong.com/wp-json/oembed/1.0/embed60f9.html]
[interactivity.tothong.com/mini-projects/www.facebook.com/tharit.html]
[interactivity.tothong.com/mini-projects/www.twitter.com/litchirhythm.html]
[interactivity.tothong.com/wp-json/oembed/1.0/embed61d2.html]
[interactivity.tothong.com/wp-json/oembed/1.0/embedd325.html]
[interactivity.tothong.com/paper-final-draft/www.facebook.com/tharit.html]
[interactivity.tothong.com/paper-final-draft/www.twitter.com/litchirhythm.html]
[interactivity.tothong.com/wp-json/oembed/1.0/embed1b4c.html]
[interactivity.tothong.com/wp-json/oembed/1.0/embede454.html]
[interactivity.tothong.com/of-running-on-ipad/www.facebook.com/tharit.html]
[interactivity.tothong.com/of-running-on-ipad/www.twitter.com/litchirhythm.html]
[interactivity.tothong.com/wp-content/uploads/2012/03/head1-306x215.jpg]
[interactivity.tothong.com/friday-mar-23-update/index.html]
[interactivity.tothong.com/wp-json/oembed/1.0/embedd711]
[interactivity.tothong.com/further-technical-exploration-notes/www.facebook.com/tharit]
[interactivity.tothong.com/further-technical-exploration-notes/www.twitter.com/litchirhythm]
[interactivity.tothong.com/further-technical-exploration-notes/index.html]
[interactivity.tothong.com/wp-json/oembed/1.0/embedd926.html]
[interactivity.tothong.com/wp-json/oembed/1.0/embedeefb.html]
[interactivity.tothong.com/conceptualizing-sdub/www.facebook.com/tharit.html]
[interactivity.tothong.com/conceptualizing-sdub/www.twitter.com/litchirhythm.html]
[interactivity.tothong.com/wp-json/oembed/1.0/embed66c4]
[interactivity.tothong.com/readresponse-02/index.html]
[interactivity.tothong.com/wp-json/oembed/1.0/embed12ae]
[interactivity.tothong.com/readresponse-01/www.facebook.com/tharit]
[interactivity.tothong.com/readresponse-01/www.twitter.com/litchirhythm]
[interactivity.tothong.com/readresponse-01/index.html]
[interactivity.tothong.com/wp-json/oembed/1.0/embed05cb.html]
[interactivity.tothong.com/wp-json/oembed/1.0/embedfbb4.html]
[interactivity.tothong.com/playing/www.facebook.com/tharit.html]
[interactivity.tothong.com/playing/www.twitter.com/litchirhythm.html]
[interactivity.tothong.com/wp-json/oembed/1.0/embed84cf.html]
[interactivity.tothong.com/wp-json/oembed/1.0/embedf7ae.html]
[interactivity.tothong.com/wp-content/uploads/2012/03/2012-03-09-14.21.45.jpg]
[interactivity.tothong.com/wp-content/uploads/2012/03/IMG_6349-copy.jpg]
[interactivity.tothong.com/wp-content/uploads/2012/03/20120427-_DSC0140.jpg]
[interactivity.tothong.com/wp-content/uploads/2012/03/20120224-_DSC0215.jpg]
[interactivity.tothong.com/wp-content/uploads/2012/03/20120217-_DSC0160.jpg]
[interactivity.tothong.com/wp-content/uploads/2012/03/20120224-_DSC0214.jpg]
[interactivity.tothong.com/wp-content/uploads/2012/03/20120224-_DSC0210.jpg]
[interactivity.tothong.com/object/www.facebook.com/tharit.html]
[interactivity.tothong.com/object/www.twitter.com/litchirhythm.html]
[interactivity.tothong.com/wp-json/oembed/1.0/embed75e1.html]
[interactivity.tothong.com/wp-json/oembed/1.0/embedffa8.html]
[interactivity.tothong.com/wp-content/uploads/2012/02/20120202-_DSC0062.jpg]
[interactivity.tothong.com/wp-content/uploads/2012/02/exercise2.jpg]
[interactivity.tothong.com/wp-content/uploads/2012/02/exercise3.jpg]
[interactivity.tothong.com/wp-content/uploads/2012/02/20120202-_DSC0118.jpg]
[interactivity.tothong.com/wp-content/uploads/2012/02/20120202-_DSC0116.jpg]
[interactivity.tothong.com/wp-content/uploads/2012/02/20120202-_DSC0115.jpg]
[interactivity.tothong.com/wp-content/uploads/2012/02/20120202-_DSC0109.jpg]
[interactivity.tothong.com/wp-content/uploads/2012/02/20120202-_DSC0096.jpg]
[interactivity.tothong.com/space/www.facebook.com/tharit.html]
[interactivity.tothong.com/space/www.twitter.com/litchirhythm.html]
[interactivity.tothong.com/wp-json/oembed/1.0/embed0abc.html]
[interactivity.tothong.com/wp-json/oembed/1.0/embedea29.html]
[notations21.files.wordpress.com/2009/12/notations21-wire-review2.jpg]
[interactivity.tothong.com/interesting-references/www.facebook.com/tharit.html]
[interactivity.tothong.com/interesting-references/www.twitter.com/litchirhythm.html]
[interactivity.tothong.com/wp-json/oembed/1.0/embedb9b4.html]
[interactivity.tothong.com/wp-json/oembed/1.0/embedc2ec.html]
[interactivity.tothong.com/wp-content/uploads/2012/04/20120413-_DSC0078.jpg]
[interactivity.tothong.com/wp-content/uploads/2012/04/20120413-_DSC0078-680x1024.jpg]
[interactivity.tothong.com/wp-content/uploads/2012/04/20120413-_DSC0082.jpg]
[interactivity.tothong.com/files/prototype1.mp3]
[interactivity.tothong.com/interaction-prototype/controls=true&file=http_/interactivity.tothong.com/files/prototype1.html]
[interactivity.tothong.com/files/prototype2.mp3]
[interactivity.tothong.com/interaction-prototype/www.facebook.com/tharit.html]
[interactivity.tothong.com/interaction-prototype/www.twitter.com/litchirhythm.html]
[interactivity.tothong.com/wp-json/oembed/1.0/embed58e4.html]
[interactivity.tothong.com/wp-json/oembed/1.0/embed01a3.html]
[interactivity.tothong.com/2nddraft/webkit-fake-url_/79109B16-6D2B-4754-AE6C-5DDFB3BF06B2/image.html]
[interactivity.tothong.com/2nddraft/www.facebook.com/tharit.html]
[interactivity.tothong.com/2nddraft/www.twitter.com/litchirhythm.html]
[interactivity.tothong.com/ABCDEFGHIJKLMNOPQRSTUVWXYZabcdefghijklmnopqrstuvwxyz0123456789+/index.html]
[interactivity.tothong.com/g.html]
[interactivity.tothong.com/c.html]
[interactivity.tothong.com/wp-content/uploads/2012/03/screen_2010_12_12_17.31.02_-498x152.png]
[interactivity.tothong.com/wp-content/uploads/2012/03/Screen-Shot-2012-03-23-at-4.09.29-PM-625x152.png]
[interactivity.tothong.com/wp-content/uploads/2012/03/flow-challenges-skills-625x152.png]
[interactivity.tothong.com/final-paper-first-draft/index.html]
[interactivity.tothong.com/readresponse/page/3/www.facebook.com/tharit]
[interactivity.tothong.com/readresponse/page/4/index.html]
[interactivity.tothong.com/readresponse/page/3/www.twitter.com/litchirhythm]
[interactivity.tothong.com/readresponse/page/3/index.html]
[interactivity.tothong.com/readresponse/page/2/www.facebook.com/tharit.html]
[interactivity.tothong.com/readresponse/page/2/www.twitter.com/litchirhythm.html]
[interactivity.tothong.com/wp-json/oembed/1.0/embed4826]
[interactivity.tothong.com/wp-json/oembed/1.0/embed98d0]
[interactivity.tothong.com/friday-mar-23-update/www.facebook.com/tharit]
[interactivity.tothong.com/friday-mar-23-update/www.twitter.com/litchirhythm]
[interactivity.tothong.com/friday-mar-23-update/index.html]
[interactivity.tothong.com/wp-json/oembed/1.0/embedd711.html]
[interactivity.tothong.com/further-technical-exploration-notes/www.facebook.com/tharit.html]
[interactivity.tothong.com/further-technical-exploration-notes/www.twitter.com/litchirhythm.html]
[interactivity.tothong.com/wp-json/oembed/1.0/embed56d1]
[interactivity.tothong.com/wp-json/oembed/1.0/embed.ec054c.delayed]
[interactivity.tothong.com/readresponse-03/index.html]
[interactivity.tothong.com/wp-json/oembed/1.0/embedd57b]
[interactivity.tothong.com/readresponse-02/www.facebook.com/tharit]
[interactivity.tothong.com/readresponse-02/www.twitter.com/litchirhythm]
[interactivity.tothong.com/readresponse-02/index.html]
[interactivity.tothong.com/wp-json/oembed/1.0/embed66c4.html]
[interactivity.tothong.com/wp-json/oembed/1.0/embed12ae.html]
[interactivity.tothong.com/readresponse-01/www.facebook.com/tharit.html]
[interactivity.tothong.com/readresponse-01/www.twitter.com/litchirhythm.html]
[interactivity.tothong.com/wp-content/uploads/2012/02/20120202-_DSC0118.jpg]
[interactivity.tothong.com/wp-content/uploads/2012/03/2012-03-09-14.21.45.jpg]
[interactivity.tothong.com/firmflow-02/index.html]
[interactivity.tothong.com/wp-json/oembed/1.0/embed.f087a8.delayed]
[interactivity.tothong.com/wp-json/oembed/1.0/embed12d0]
[interactivity.tothong.com/final-paper-first-draft/www.facebook.com/tharit]
[interactivity.tothong.com/final-paper-first-draft/www.twitter.com/litchirhythm]
[interactivity.tothong.com/final-paper-first-draft/index.html]
[interactivity.tothong.com/wp-content/uploads/2012/03/2012-02-25-17.55.31-625x152.jpg]
[interactivity.tothong.com/wp-content/uploads/2012/03/20120211-2012-02-11-15.42.26-625x152.jpg]
[interactivity.tothong.com/firmflow-01/index.html]
[interactivity.tothong.com/readresponse/page/4/www.facebook.com/tharit.f6.delayed]
[interactivity.tothong.com/readresponse-07/index.html]
[interactivity.tothong.com/readresponse/page/5/index.html]
[interactivity.tothong.com/readresponse/page/4/www.twitter.com/litchirhythm]
[interactivity.tothong.com/readresponse/page/4/index.html]
[interactivity.tothong.com/readresponse/page/3/www.facebook.com/tharit.html]
[interactivity.tothong.com/readresponse/page/3/www.twitter.com/litchirhythm.html]
[interactivity.tothong.com/wp-json/oembed/1.0/embed4826.html]
[interactivity.tothong.com/wp-json/oembed/1.0/embed98d0.html]
[interactivity.tothong.com/friday-mar-23-update/www.facebook.com/tharit.html]
[interactivity.tothong.com/friday-mar-23-update/www.twitter.com/litchirhythm.html]
[interactivity.tothong.com/wp-json/oembed/1.0/embed56d1]
[interactivity.tothong.com/wp-json/oembed/1.0/embed84d3]
[interactivity.tothong.com/readresponse-04/index.html]
[interactivity.tothong.com/wp-json/oembed/1.0/embedab7b]
[interactivity.tothong.com/readresponse-03/www.facebook.com/tharit]
[interactivity.tothong.com/readresponse-03/www.twitter.com/litchirhythm]
[interactivity.tothong.com/readresponse-03/index.html]
[interactivity.tothong.com/wp-json/oembed/1.0/embed054c.html]
[interactivity.tothong.com/wp-json/oembed/1.0/embedd57b.html]
[interactivity.tothong.com/readresponse-02/www.facebook.com/tharit.html]
[interactivity.tothong.com/readresponse-02/www.twitter.com/litchirhythm.html]
[interactivity.tothong.com/wp-content/uploads/2012/02/20120202-_DSC0115.jpg]
[interactivity.tothong.com/wp-json/oembed/1.0/embede8b6]
[interactivity.tothong.com/wp-json/oembed/1.0/embedbb98]
[interactivity.tothong.com/wp-content/uploads/2012/03/2012-02-25-17.55.31.jpg]
[interactivity.tothong.com/wp-content/uploads/2012/03/2012-02-25-17.55.31-768x1024.jpg]
[interactivity.tothong.com/firmflow-02/index.html]
[interactivity.tothong.com/wp-json/oembed/1.0/embed87a8.html]
[interactivity.tothong.com/wp-json/oembed/1.0/embed12d0.html]
[interactivity.tothong.com/final-paper-first-draft/www.facebook.com/tharit.html]
[interactivity.tothong.com/final-paper-first-draft/www.twitter.com/litchirhythm.html]
[interactivity.tothong.com/wp-json/oembed/1.0/embed.102f351.delayed]
[interactivity.tothong.com/wp-json/oembed/1.0/embed155b]
[interactivity.tothong.com/wp-content/uploads/2012/03/20120203-20120203_172110.jpg]
[interactivity.tothong.com/wp-content/uploads/2012/03/20120203-20120203_172110-1024x768.jpg]
[interactivity.tothong.com/wp-content/uploads/2012/03/20120211-2012-02-11-15.42.26.jpg]
[interactivity.tothong.com/wp-content/uploads/2012/03/20120211-2012-02-11-15.42.26-1024x768.jpg]
[interactivity.tothong.com/firmflow-01/www.facebook.com/tharit.108.delayed]
[interactivity.tothong.com/firmflow-01/www.twitter.com/litchirhythm]
[interactivity.tothong.com/firmflow-01/index.html]
[interactivity.tothong.com/wp-json/oembed/1.0/embeda24d]
[interactivity.tothong.com/readresponse-06/index.html]
[interactivity.tothong.com/wp-json/oembed/1.0/embed98e1]
[interactivity.tothong.com/readresponse-07/www.facebook.com/tharit]
[interactivity.tothong.com/readresponse-07/www.twitter.com/litchirhythm]
[interactivity.tothong.com/readresponse-07/index.html]
[interactivity.tothong.com/readresponse/page/5/www.facebook.com/tharit]
[interactivity.tothong.com/readresponse-05/index.html]
[interactivity.tothong.com/readresponse/page/6/index.html]
[interactivity.tothong.com/readresponse/page/5/www.twitter.com/litchirhythm]
[interactivity.tothong.com/readresponse/page/5/index.html]
[interactivity.tothong.com/readresponse/page/4/www.facebook.com/tharit.html]
[interactivity.tothong.com/readresponse/page/4/www.twitter.com/litchirhythm.html]
[interactivity.tothong.com/wp-json/oembed/1.0/embedeb5d]
[interactivity.tothong.com/wp-json/oembed/1.0/embed19e3]
[interactivity.tothong.com/readresponse-04/www.facebook.com/tharit]
[interactivity.tothong.com/readresponse-04/www.twitter.com/litchirhythm]
[interactivity.tothong.com/readresponse-04/index.html]
[interactivity.tothong.com/wp-json/oembed/1.0/embed84d3.html]
[interactivity.tothong.com/wp-json/oembed/1.0/embedab7b.html]
[interactivity.tothong.com/readresponse-03/www.facebook.com/tharit.html]
[interactivity.tothong.com/readresponse-03/www.twitter.com/litchirhythm.html]
[interactivity.tothong.com/wp-json/oembed/1.0/embede8b6.html]
[interactivity.tothong.com/wp-json/oembed/1.0/embedbb98.html]
[interactivity.tothong.com/wp-json/oembed/1.0/embedf351.html]
[interactivity.tothong.com/wp-json/oembed/1.0/embed155b.html]
[interactivity.tothong.com/firmflow-01/www.facebook.com/tharit.html]
[interactivity.tothong.com/firmflow-01/www.twitter.com/litchirhythm.html]
[interactivity.tothong.com/wp-content/uploads/2012/03/2012-02-25-17.55.31.jpg]
[interactivity.tothong.com/wp-json/oembed/1.0/embed.1145221.delayed]
[interactivity.tothong.com/firmflow-02/www.twitter.com/litchirhythm]
[interactivity.tothong.com/firmflow-02/www.facebook.com/tharit]
[interactivity.tothong.com/wp-json/oembed/1.0/embed5765]
[interactivity.tothong.com/readresponse-06/www.facebook.com/tharit]
[interactivity.tothong.com/readresponse-06/www.twitter.com/litchirhythm]
[interactivity.tothong.com/readresponse-06/index.html]
[interactivity.tothong.com/wp-json/oembed/1.0/embeda24d.html]
[interactivity.tothong.com/wp-json/oembed/1.0/embed98e1.html]
[interactivity.tothong.com/readresponse-07/www.facebook.com/tharit.html]
[interactivity.tothong.com/readresponse-07/www.twitter.com/litchirhythm.html]
[interactivity.tothong.com/wp-json/oembed/1.0/embed1aab]
[interactivity.tothong.com/wp-json/oembed/1.0/embed7f2c]
[interactivity.tothong.com/readresponse-05/www.facebook.com/tharit]
[interactivity.tothong.com/readresponse-05/www.twitter.com/litchirhythm]
[interactivity.tothong.com/readresponse-05/index.html]
[interactivity.tothong.com/readresponse/page/6/www.facebook.com/tharit]
[interactivity.tothong.com/readresponse/page/6/www.twitter.com/litchirhythm]
[interactivity.tothong.com/readresponse/page/6/index.html]
[interactivity.tothong.com/readresponse/page/5/www.facebook.com/tharit.html]
[interactivity.tothong.com/readresponse/page/5/www.twitter.com/litchirhythm.html]
[interactivity.tothong.com/wp-json/oembed/1.0/embedeb5d.html]
[interactivity.tothong.com/wp-json/oembed/1.0/embed19e3.html]
[interactivity.tothong.com/readresponse-04/www.facebook.com/tharit.html]
[interactivity.tothong.com/readresponse-04/www.twitter.com/litchirhythm.html]
[interactivity.tothong.com/firmflow-02/www.facebook.com/tharit]
[interactivity.tothong.com/firmflow-02/www.twitter.com/litchirhythm]
[interactivity.tothong.com/wp-json/oembed/1.0/embed5221.html]
[interactivity.tothong.com/wp-json/oembed/1.0/embed5765.html]
[interactivity.tothong.com/readresponse-06/www.facebook.com/tharit.html]
[interactivity.tothong.com/readresponse-06/www.twitter.com/litchirhythm.html]
[interactivity.tothong.com/wp-json/oembed/1.0/embed1aab.html]
[interactivity.tothong.com/wp-json/oembed/1.0/embed7f2c.html]
[interactivity.tothong.com/readresponse-05/www.facebook.com/tharit.html]
[interactivity.tothong.com/readresponse-05/www.twitter.com/litchirhythm.html]
[interactivity.tothong.com/readresponse/page/6/www.facebook.com/tharit.html]
[interactivity.tothong.com/readresponse/page/6/www.twitter.com/litchirhythm.html]
